name: Test workflow

on:
  push:

jobs:
  "check_yaml_consistency":
    runs-on: "ubuntu-latest"
    steps:
      - id: step-0
        name: Check out
        uses: actions/checkout@v3
