# This file was generated using Kotlin DSL (.github/workflows/some_workflow.main.kts).
# If you want to modify the workflow, please change the Kotlin file and regenerate this YAML file.
# Generated with https://github.com/krzema12/github-actions-kotlin-dsl

name: Test workflow

on:
  push:

jobs:
  "check_yaml_consistency":
    runs-on: "ubuntu-latest"
    steps:
      - id: step-0
        name: Check out
        uses: actions/checkout@v3
      - id: step-1
        name: Consistency check
        run: diff -u '.github/workflows/some_workflow.yaml' <('.github/workflows/some_workflow.main.kts')
  "test_job_1":
    runs-on: "ubuntu-latest"
    needs:
      - "check_yaml_consistency"
    steps:
      - id: step-0
        name: Hello world!
        run: echo 'hello!'
  "test_job_2":
    runs-on: "ubuntu-latest"
    needs:
      - "test_job_1"
      - "check_yaml_consistency"
    steps:
      - id: step-0
        name: Hello world, again!
        run: echo 'hello again!'
