# This file was generated using Kotlin DSL (.github/workflows/some_workflow.main.kts).
# If you want to modify the workflow, please change the Kotlin file and regenerate this YAML file.
# Generated with https://github.com/krzema12/github-actions-kotlin-dsl

name: Test workflow

on:
  push:

jobs:
  "test_job":
    runs-on: "ubuntu-latest"
    steps:
      - id: step-0
        name: Hello world!
        run: |
          less test.txt \
          | grep -P "foobar" \
          | sort \
          > result.txt
