# This file was generated using Kotlin DSL (.github/workflows/some_workflow.main.kts).
# If you want to modify the workflow, please change the Kotlin file and regenerate this YAML file.
# Generated with https://github.com/krzema12/github-actions-kotlin-dsl

name: Test workflow

on:
  push:

env:
  SIMPLE_VAR: simple-value-workflow
  MULTILINE_VAR: |
    hey,
    hi,
    hello! workflow

jobs:
  "test_job":
    runs-on: "ubuntu-latest"
    env:
      SIMPLE_VAR: simple-value-job
      MULTILINE_VAR: |
        hey,
        hi,
        hello! job
    if: ${{ always() }}
    steps:
      - id: step-0
        name: Check out
        uses: actions/checkout@v3
        env:
          SIMPLE_VAR: simple-value-uses
          MULTILINE_VAR: |
            hey,
            hi,
            hello! uses
      - id: step-1
        name: Hello world!
        env:
          SIMPLE_VAR: simple-value-run
          MULTILINE_VAR: |
            hey,
            hi,
            hello! run
        run: echo 'hello!'
